MAP
    NAME AOOS_test
    STATUS ON
    SIZE 260 260

# This is boilerplate stuff... not applicable
    IMAGETYPE png24
    IMAGECOLOR 0 0 0

# Debug is on!
    DEBUG 5
    SHAPEPATH "."
    CONFIG "MS_ERRORFILE" "/dev/stderr"


# Output formats - only important thing is png24 - 24bit pngs.
OUTPUTFORMAT
  NAME png24
  DRIVER "GD/PNG"
  MIMETYPE "image/png24"
  IMAGEMODE RGBA
  EXTENSION "png"
  FORMATOPTION "TRANSPARENT=ON" 
  TRANSPARENT ON
END
OUTPUTFORMAT
  NAME png
  DRIVER "GD/PNG"
  MIMETYPE "image/png"
  IMAGEMODE RGBA
  EXTENSION "png"
  FORMATOPTION "TRANSPARENT=ON" 
  TRANSPARENT ON
END
OUTPUTFORMAT
  NAME jpeg
  DRIVER "GD/JPEG"
  MIMETYPE "image/jpeg"
  IMAGEMODE RGB
  EXTENSION "jpg"
END
OUTPUTFORMAT
  NAME GTiff
  DRIVER "GDAL/GTiff"
  MIMETYPE "image/tiff"
  IMAGEMODE RGB
  EXTENSION "tif"
END



### Not used for wms based stuff..
     PROJECTION
	        "init=epsg:4326"
     END

     EXTENT -180 0 180 90

     WEB
	METADATA
		#update with something more useful.
                "wms_title"             "AOOS Test WMS"
                "wms_name"              "AOOS Test WMS"
                "wms_abstract"          "AOOS Test WMS"
                "wms_srs"               "EPSG:54004 EPSG:4326 EPSG:26903 EPSG:26904 EPSG:26905 EPSG:26906 EPSG:26907 EPSG:26908 EPSG:26909 EPSG:26936 EPSG:26937 EPSG:26938 EPSG:26939 EPSG:3031 EPSG:102006 EPSG:3338 EPSG:102631 EPSG:102632 EPSG:102633 EPSG:102634 EPSG:102635 EPSG:102636 EPSG:102637 EPSG:102638 EPSG:102639 EPSG:102640"
                "wms_formatlist"      	"image/jpeg"
                "wms_format"          	"image/jpeg"
	        "wms_onlineresource" 	"http://wms.alaskamapped.org/aoos?"
        END
    END


    FONTSET "/www/wms/apps/fonts/font_set"
    TRANSPARENT ON


###############################
#  DRG


    LAYER
        name aoos_bathy_aa
        type raster
        status on
        OFFSITE 0 0 0 
        DATA "/ogc/data/bdl/custom_work/aoos/AOOSbathymetricDEMv1.01.aa.tif"

        PROCESSING "RESAMPLE=BILINEAR"
        PROJECTION
                "init=epsg:102006"
        END

        METADATA
                WMS_TITLE     "AOOS BathymetricDEM v1.01"
                WMS_ABSTRACT  "TBD"
        END

    END

   LAYER
        name aoos_bathy_geo
        type raster
        status on
        OFFSITE 0 0 0
        DATA "/ogc/data/bdl/custom_work/aoos/AOOSbathymetricDEMv1.01.geo.tif"

        PROCESSING "RESAMPLE=BILINEAR"
        PROJECTION
                "init=epsg:4326"
        END

        METADATA
                WMS_TITLE     "AOOS BathymetricDEM v1.01 (geographic)"
                WMS_ABSTRACT  "TBD"
        END

    END

   LAYER
        name aoos_bathy_sm
        type raster
        status on
        OFFSITE 0 0 0
        DATA "/ogc/data/bdl/custom_work/aoos/AOOSbathymetricDEMv1.01.google.tif"

        PROCESSING "RESAMPLE=BILINEAR"
        PROJECTION
                "init=epsg:900913"
        END

        METADATA
                WMS_TITLE     "AOOS BathymetricDEM v1.01 (Spherical Merc)"
                WMS_ABSTRACT  "TBD"
        END

    END



#******** END of drg
#************************************************************


END
