MAP
NAME WCS_server
STATUS ON
SIZE 400 300
EXTENT -1791348.470 110547.538 1659887.152 2621932.024
UNITS METERS
IMAGECOLOR 255 255 255


#default max size is 6k by 6k..
    MAXSIZE 13312


# Debug is on!
    DEBUG 5
    CONFIG "MS_ERRORFILE" "/dev/stderr"
WEB
#   IMAGEPATH "//tmp/ms_tmp/" 
#  IMAGEURL "/ms_tmp/"
  METADATA
    "wcs_label"                    "WCS Tests" ### required  
    "wcs_description"              "Some text description of the service"  
    "wcs_fees"                     "none"
    "wcs_accessconstraints"        "none"
    "wcs_keywordlist"              "wcs,test"
    "wcs_metadatalink_type"        "TC211" 
    "wcs_metadatalink_format"      "text/plain" 
    "wcs_metadatalink_href"        "http://someurl.com"
    "wcs_address"                  "TBD"
    "wcs_city"                     "TBD"
    "wcs_stateorprovince"          "TBD"
    "wcs_postcode"                 "TBD"
    "wcs_country"                  "TBD"
    "wcs_contactelectronicmailaddress" "TBD"
    "wcs_contactperson"            "TBD"
    "wcs_contactorganization"      "TBD"
    "wcs_contactposition"          "TBD"
    "wcs_contactvoicetelephone"    "TBD"
    "wcs_contactfacimiletelephone" "TBD"
    "wcs_service_onlineresource"   "http://wms.alaskamapped.org/wcs?"            
    "wcs_enable_request"    "*"
  END
END

PROJECTION
  "init=epsg:102006"
END


OUTPUTFORMAT
  NAME GEOTIFFFLOAT32
  DRIVER "GDAL/GTiff"
  MIMETYPE "image/tiff"
  IMAGEMODE "FLOAT32"
  EXTENSION "tif"
  #FORMATOPTION "COMPRESS=LZW"
  #FORMATOPTION "COMPRESS=PACKBITS"
  FORMATOPTION "COMPRESS=DEFLATE"
  FORMATOPTION "ZLEVEL=9"
END


    LAYER
      NAME "NED_2_ARC_SEC"
      STATUS OFF
      TYPE RASTER
      DUMP TRUE
      DATA "/ogc/data/bdl/dem/ned/2_arc_sec/merged_aa.tif"
      PROJECTION
        "init=epsg:102006"
      END
      METADATA
        wms_label "NED_2_ARC_SEC"
        wcs_label "NED_2_ARC_SEC"
        ows_extent "-1791348.470 110547.538 1659887.152 2621932.024"
        wcs_resolution "34.637397223365696 34.637397223365696"
        ows_srs "EPSG:102006"
        wcs_formats "GEOTIFFFLOAT32"
        wcs_nativeformat "geotiff"
      END
    END
    
    LAYER
      NAME "NED_ONE_THIRD_ARC_SEC"
      STATUS OFF
      TYPE RASTER
      DUMP TRUE
      DATA "/ogc/data/bdl/dem/ned/13_arc_sec/merged_aa.tif"
      PROJECTION
        "init=epsg:102006"
      END
      METADATA
        wms_label "NED_ONE_THIRD_ARC_SEC"
        wcs_label "NED_ONE_THIRD_ARC_SEC"
        ows_extent "-210607.734 2004362.436 168545.587 2449654.128"
        wcs_resolution "5.264117407019649 5.264117407019649"
        ows_srs "EPSG:102006"
        wcs_formats "GEOTIFFFLOAT32"
        wcs_nativeformat "geotiff"
      END
    END
  
    LAYER
      NAME "LIDAR_KATALLA_NCALM"
      STATUS OFF
      TYPE RASTER
      DUMP TRUE
      DATA "/ogc/data/bdl/dem/high_res/katalla.tif"
      PROJECTION
        "init=epsg:102006"
      END
      METADATA
        wms_label "LIDAR_KATALLA_NCALM"
        wcs_label "LIDAR_KATALLA_NCALM"
        ows_extent "514297.940 1166149.674 533996.705 1194880.129"
        wcs_resolution "1.002073673498027 1.002073673498027"
        ows_srs "EPSG:102006"
        wcs_formats "GEOTIFFFLOAT32"
        wcs_nativeformat "geotiff"
      END
    END
    
    LAYER
      NAME "SRTM_V2"
      STATUS OFF
      TYPE RASTER
      DUMP TRUE
      DATA "/ogc/data/bdl/dem/srtm/srtm_alaska_albers.tif"
      PROJECTION
        "init=epsg:102006"
      END
      METADATA
        wms_label "SRTM_V2"
        wcs_label "SRTM_V2"
        ows_extent "-2247803.742 -1086144.939 2082834.621 1391618.182"
        wcs_resolution "21.010990878309464 21.010990878309464"
        ows_srs "EPSG:102006"
        wcs_formats "GEOTIFFFLOAT32"
        wcs_nativeformat "geotiff"
      END
    END

    LAYER
      NAME "ASTER_DEM"
      STATUS OFF
      TYPE RASTER
      DUMP TRUE
      DATA "/ogc/data/bdl/dem/aster/ak_gdem_aa.tif"
      PROJECTION
        "init=epsg:102006"
      END
      METADATA
        wms_label "SRTM_V2"
        wcs_label "SRTM_V2"
        ows_extent "-1132352.829 331824.098 2082834.621 2608250.606"
        wcs_resolution "17.610676665278827 17.610676665278827"
        ows_srs "EPSG:102006"
        wcs_formats "GEOTIFFFLOAT32"
        wcs_nativeformat "geotiff"
	wcs_bandcount "1"
	wcs_band_names "height"
      END
    END

    #LAYER
      #NAME "Kenai_Lidar_AREA_A"
      #STATUS OFF
      #TYPE RASTER
      #DUMP TRUE
      #DATA "/ogc/data/bdl/dem/high_res/kenai-lidar-area-a.tif"
      #PROJECTION
        #"init=epsg:102006"
      #END
      #METADATA
        #wms_label "Kenai Lidar AREA A QA Mosaic"
        #wcs_label "Kenai Lidar AREA A QA Mosaic"
        #ows_extent "139712.437 1169852.627 192548.437 1230980.627"
        #wcs_resolution "4.0 4.0"
        #ows_srs "EPSG:102006"
        #wcs_formats "GEOTIFFFLOAT32"
        #wcs_nativeformat "geotiff"
      #END
    #END

    LAYER
      NAME "Eagle_River"
      STATUS OFF
      TYPE RASTER
      DUMP TRUE
      DATA "/ogc/data/bdl/dem/high_res/eagle_river.tif"
      PROJECTION
        "init=epsg:102006"
      END
      METADATA
        wms_label "Eagle River"
        wcs_label "Eagle River"
        ows_extent "237615.216 1263411.000 246259.994 1266459.739"
        wcs_resolution "0.9 0.9"
        ows_srs "EPSG:102006"
        wcs_formats "GEOTIFFFLOAT32"
        wcs_nativeformat "geotiff"
      END
    END

    LAYER
      NAME "Chugach_Spot_DEM"
      STATUS OFF
      TYPE RASTER
      DUMP TRUE
      DATA "/ogc/data/bdl/dem/high_res/SPOTDEM.CHUGACH_HRS_DEM.tif"
      PROJECTION
        "init=epsg:102006"
      END
      METADATA
        wms_label "Chugach Spot DEM"
        wcs_label "Chugach Spot DEM"
        ows_extent "205711.833 1088693.311 570836.560 1321633.542"
        wcs_resolution "20 20"
        ows_srs "EPSG:102006"
        wcs_formats "GEOTIFFFLOAT32"
        wcs_nativeformat "geotiff"
      END
    END

        LAYER
                NAME "Kenai_Lidar_AREA_A"
                STATUS OFF
                TYPE RASTER
                DUMP TRUE
                DATA "/ogc/data/bdl/dem/high_res/kenai_area_a.tif"
                PROJECTION
                  "init=epsg:102006"
                END
                METADATA
                  wms_label "Kenai Lidar AREA A QA Mosaic"
                  wcs_label "Kenai Lidar AREA A QA Mosaic"
                  ows_extent "137728.156049002 1169458.31871108 192549.273441801 1232117.99469864"
                  wcs_resolution "1.219819264669990 1.219819264669990"
                  ows_srs "EPSG:102006"
                  wcs_formats "GEOTIFFFLOAT32"
                  wcs_nativeformat "geotiff"
                END
        END
        LAYER
                NAME "Kenai_Lidar_AREA_B"
                STATUS OFF
                TYPE RASTER
                DUMP TRUE
                DATA "/ogc/data/bdl/dem/high_res/kenai_area_b.tif"
                PROJECTION
                  "init=epsg:102006"
                END
                METADATA
                  wms_label "Kenai Lidar AREA B QA Mosaic"
                  wcs_label "Kenai Lidar AREA B QA Mosaic"
                  ows_extent "121623.62372885 1112679.77777857 168316.734065331 1170891.20528805"
                  wcs_resolution "1.220160717478850 1.220160717478850"
                  ows_srs "EPSG:102006"
                  wcs_formats "GEOTIFFFLOAT32"
                  wcs_nativeformat "geotiff"
                END
        END
        LAYER
                NAME "Kenai_Lidar_AREA_C"
                STATUS OFF
                TYPE RASTER
                DUMP TRUE
                DATA "/ogc/data/bdl/dem/high_res/kenai_area_c.tif"
                PROJECTION
                  "init=epsg:102006"
                END
                METADATA
                  wms_label "Kenai Lidar AREA C QA Mosaic"
                  wcs_label "Kenai Lidar AREA C QA Mosaic"
                  ows_extent "117093.172140555 1066547.08626675 171067.394139913 1115303.73515338"
                  wcs_resolution "1.218489750753053 1.218489750753053"
                  ows_srs "EPSG:102006"
                  wcs_formats "GEOTIFFFLOAT32"
                  wcs_nativeformat "geotiff"
                END
        END
        LAYER
                NAME "Kenai_Lidar_AREA_D"
                STATUS OFF
                TYPE RASTER
                DUMP TRUE
                DATA "/ogc/data/bdl/dem/high_res/kenai_area_d.tif"
                PROJECTION
                  "init=epsg:102006"
                END
                METADATA
                  wms_label "Kenai Lidar AREA D QA Mosaic"
                  wcs_label "Kenai Lidar AREA D QA Mosaic"
                  ows_extent "164966.301970871 1091481.54359326 197336.63659031 1172559.62624741"
                  wcs_resolution "1.222860285574360 1.222860285574360"
                  ows_srs "EPSG:102006"
                  wcs_formats "GEOTIFFFLOAT32"
                  wcs_nativeformat "geotiff"
                END
        END
        LAYER
                NAME "Kenai_Lidar_AREA_E"
                STATUS OFF
                TYPE RASTER
                DUMP TRUE
                DATA "/ogc/data/bdl/dem/high_res/kenai_area_e.tif"
                PROJECTION
                  "init=epsg:102006"
                END
                METADATA
                  wms_label "Kenai Lidar AREA E QA Mosaic"
                  wcs_label "Kenai Lidar AREA E QA Mosaic"
                  ows_extent "188835.360712882 1141370.30615455 227214.717134134 1236082.34972674"
                  wcs_resolution "1.222895629022832 1.222895629022832"
                  ows_srs "EPSG:102006"
                  wcs_formats "GEOTIFFFLOAT32"
                  wcs_nativeformat "geotiff"
                END
        END


        LAYER
                NAME "Kenai_Lidar_AREA_H"
                STATUS OFF
                TYPE RASTER
                DUMP TRUE
                DATA "/ogc/data/bdl/dem/high_res/kenai-lidar-area-h.tif"
                PROJECTION
                  "init=epsg:102006"
                END
                METADATA
                  wms_label "Kenai Lidar AREA H QA Mosaic"
                  wcs_label "Kenai Lidar AREA H QA Mosaic"
                  ows_extent "246760.333041384 1136178.7642426 285577.536491436 1193899.24044962"
                  wcs_resolution "3.053347239050757 3.053347239050757"
                  ows_srs "EPSG:102006"
                  wcs_formats "GEOTIFFFLOAT32"
                  wcs_nativeformat "geotiff"
		END
        END

END
