MAP
NAME WCS_server
STATUS ON
SIZE 400 300
EXTENT -1791348.470 110547.538 1659887.152 2621932.024
UNITS METERS
IMAGECOLOR 255 255 255


#default max size is 6k by 6k..
    MAXSIZE 13312


# Debug is on!
    DEBUG 5
    CONFIG "MS_ERRORFILE" "/dev/stderr"
WEB
#   IMAGEPATH "//tmp/ms_tmp/" 
#  IMAGEURL "/ms_tmp/"
  METADATA
    "wcs_label"                    "WCS Tests" ### required  
    "wcs_description"              "Some text description of the service"  
    "wcs_fees"                     "none"
    "wcs_accessconstraints"        "none"
    "wcs_keywordlist"              "wcs,test"
    "wcs_metadatalink_type"        "TC211" 
    "wcs_metadatalink_format"      "text/plain" 
    "wcs_metadatalink_href"        "http://someurl.com"
    "wcs_address"                  "TBD"
    "wcs_city"                     "TBD"
    "wcs_stateorprovince"          "TBD"
    "wcs_postcode"                 "TBD"
    "wcs_country"                  "TBD"
    "wcs_contactelectronicmailaddress" "TBD"
    "wcs_contactperson"            "TBD"
    "wcs_contactorganization"      "TBD"
    "wcs_contactposition"          "TBD"
    "wcs_contactvoicetelephone"    "TBD"
    "wcs_contactfacimiletelephone" "TBD"
    "wcs_service_onlineresource"   "http://wms.alaskamapped.org/wcs_esri?"            
    "wcs_enable_request"    "*"
  END
END

PROJECTION
  "init=epsg:102006"
END


OUTPUTFORMAT
  NAME GEOTIFFFLOAT32
  DRIVER "GDAL/GTiff"
  MIMETYPE "image/tiff"
  IMAGEMODE "FLOAT32"
  EXTENSION "tif"
  #FORMATOPTION "COMPRESS=LZW"
  #FORMATOPTION "COMPRESS=PACKBITS"
  FORMATOPTION "COMPRESS=DEFLATE"
  FORMATOPTION "ZLEVEL=9"
END


    LAYER
      NAME "LIDAR KATALLA NCALM"
      STATUS OFF
      TYPE RASTER
      DUMP TRUE
      DATA "/ogc/data/bdl/dem/high_res/katalla.tif"
      PROJECTION
        "init=epsg:102006"
      END
      METADATA
        wms_label "LIDAR_KATALLA_NCALM"
        wcs_label "LIDAR_KATALLA_NCALM"
        ows_extent "514297.940 1166149.674 533996.705 1194880.129"
        wcs_resolution "1.002073673498027 1.002073673498027"
        ows_srs "EPSG:102006"
        wcs_formats "GEOTIFFFLOAT32"
        wcs_nativeformat "geotiff"
      END
    END
    
END
